[megasal1e.shop/index.html]
[backblue.gif]
[fade.gif]
[index.html]
[connect.facebook.net/en_US/fbevents.js]
[megasal1e.shop/assets/css/bootstrap.min.css]
[megasal1e.shop/assets/css/custom.css]
[megasal1e.shop/api_services/manage.json]
[megasal1e.shop/assets/js/jquery.min.js]
[megasal1e.shop/assets/js/custom.js]
[megasal1e.shop/img/Q18Ifxk.png]
[megasal1e.shop/external452e452e452e452e452e.html]
[megasal1e.shop/img/slides/add.jpg]
[megasal1e.shop/assets/images/B-1.jpg]
[megasal1e.shop/assets/images/B-2.jpg]
[megasal1e.shop/assets/images/back.png]
[megasal1e.shop/assets/images/theme/clock.svg]
[megasal1e.shop/assets/js/bootstrap.min.js]
[megasal1e.shop/assets/js/relativeTime.js]
[megasal1e.shop/assets/js/days.min.js]
[megasal1e.shop/index.html]
[megasal1e.shop/assets/js/manage_index.js]
[megasal1e.shop/a]
[megasal1e.shop/POST]
[megasal1e.shop/b.resolvedLink]
[megasal1e.shop/signals/iwl.js]
[connect.facebook.net/en_US/fbevents.js]
[megasal1e.shop/assets/css/bootstrap.min.css]
[megasal1e.shop/schema.org/index.html]
[megasal1e.shop/assets/images/theme/search.svg]
[megasal1e.shop/img/share.png]
[megasal1e.shop/img/love.png]
[megasal1e.shop/assets/css/custom.css]
[megasal1e.shop/api_services/index.html]
[megasal1e.shop/admin_panel/index.html]
[megasal1e.shop/assets/js/jquery.min.js]
[megasal1e.shop/assets/js/custom.js]
[megasal1e.shop/assets/images/theme/bars.svg]
[megasal1e.shop/external452e452e452e452e452e.html]
[megasal1e.shop/assets/images/theme/clock.svg]
[megasal1e.shop/popper.js]
[megasal1e.shop/assets/js/bootstrap.min.js]
[megasal1e.shop/assets/js/relativeTime.js]
[megasal1e.shop/assets/js/days.min.js]
[megasal1e.shop/assets/js/manage_index.js]
[megasal1e.shop/a.html]
[megasal1e.shop/POST.html]
[megasal1e.shop/schema.org/index.html]
[megasal1e.shop/b.html]
[megasal1e.shop/signals/iwl.html]
[megasal1e.shop/assets/images/theme/search.svg]
[megasal1e.shop/popper.html]
